
  .   ____          _            __ _ _
 /\\ / ___'_ __ _ _(_)_ __  __ _ \ \ \ \
( ( )\___ | '_ | '_| | '_ \/ _` | \ \ \ \
 \\/  ___)| |_)| | | | | || (_| |  ) ) ) )
  '  |____| .__|_| |_|_| |_\__, | / / / /
 =========|_|==============|___/=/_/_/_/
 :: Spring Boot ::                (v3.1.0)

2025-11-17T19:09:30.996+08:00  INFO 10205 --- [           main] com.example.todo.TodoApplication         : Starting TodoApplication v0.0.1-SNAPSHOT using Java 17.0.17 with PID 10205 (/Users/imeylonganilla/Desktop/todo/backend/target/todo-0.0.1-SNAPSHOT.jar started by imeylonganilla in /Users/imeylonganilla/Desktop/todo/backend)
2025-11-17T19:09:30.997+08:00  INFO 10205 --- [           main] com.example.todo.TodoApplication         : No active profile set, falling back to 1 default profile: "default"
2025-11-17T19:09:31.306+08:00  INFO 10205 --- [           main] .s.d.r.c.RepositoryConfigurationDelegate : Bootstrapping Spring Data JPA repositories in DEFAULT mode.
2025-11-17T19:09:31.337+08:00  INFO 10205 --- [           main] .s.d.r.c.RepositoryConfigurationDelegate : Finished Spring Data repository scanning in 25 ms. Found 2 JPA repository interfaces.
2025-11-17T19:09:31.612+08:00  INFO 10205 --- [           main] o.s.b.w.embedded.tomcat.TomcatWebServer  : Tomcat initialized with port(s): 8080 (http)
2025-11-17T19:09:31.616+08:00  INFO 10205 --- [           main] o.apache.catalina.core.StandardService   : Starting service [Tomcat]
2025-11-17T19:09:31.616+08:00  INFO 10205 --- [           main] o.apache.catalina.core.StandardEngine    : Starting Servlet engine: [Apache Tomcat/10.1.8]
2025-11-17T19:09:31.650+08:00  INFO 10205 --- [           main] o.a.c.c.C.[Tomcat].[localhost].[/]       : Initializing Spring embedded WebApplicationContext
2025-11-17T19:09:31.651+08:00  INFO 10205 --- [           main] w.s.c.ServletWebServerApplicationContext : Root WebApplicationContext: initialization completed in 630 ms
2025-11-17T19:09:31.667+08:00  INFO 10205 --- [           main] com.zaxxer.hikari.HikariDataSource       : HikariPool-1 - Starting...
2025-11-17T19:09:31.791+08:00  INFO 10205 --- [           main] com.zaxxer.hikari.pool.HikariPool        : HikariPool-1 - Added connection conn0: url=jdbc:h2:file:./data/todo-db user=SA
2025-11-17T19:09:31.792+08:00  INFO 10205 --- [           main] com.zaxxer.hikari.HikariDataSource       : HikariPool-1 - Start completed.
2025-11-17T19:09:31.798+08:00  INFO 10205 --- [           main] o.s.b.a.h2.H2ConsoleAutoConfiguration    : H2 console available at '/h2-console'. Database available at 'jdbc:h2:file:./data/todo-db'
2025-11-17T19:09:31.862+08:00  INFO 10205 --- [           main] o.hibernate.jpa.internal.util.LogHelper  : HHH000204: Processing PersistenceUnitInfo [name: default]
2025-11-17T19:09:31.889+08:00  INFO 10205 --- [           main] org.hibernate.Version                    : HHH000412: Hibernate ORM core version 6.2.2.Final
2025-11-17T19:09:31.892+08:00  INFO 10205 --- [           main] org.hibernate.cfg.Environment            : HHH000406: Using bytecode reflection optimizer
2025-11-17T19:09:31.965+08:00  INFO 10205 --- [           main] o.h.b.i.BytecodeProviderInitiator        : HHH000021: Bytecode provider name : bytebuddy
2025-11-17T19:09:32.035+08:00  INFO 10205 --- [           main] o.s.o.j.p.SpringPersistenceUnitInfo      : No LoadTimeWeaver setup: ignoring JPA class transformer
2025-11-17T19:09:32.053+08:00  INFO 10205 --- [           main] org.hibernate.orm.dialect                : HHH035001: Using dialect: org.hibernate.dialect.H2Dialect, version: 2.1.214
2025-11-17T19:09:32.157+08:00  INFO 10205 --- [           main] o.h.b.i.BytecodeProviderInitiator        : HHH000021: Bytecode provider name : bytebuddy
2025-11-17T19:09:32.480+08:00  INFO 10205 --- [           main] o.h.e.t.j.p.i.JtaPlatformInitiator       : HHH000490: Using JtaPlatform implementation: [org.hibernate.engine.transaction.jta.platform.internal.NoJtaPlatform]
2025-11-17T19:09:32.482+08:00  INFO 10205 --- [           main] j.LocalContainerEntityManagerFactoryBean : Initialized JPA EntityManagerFactory for persistence unit 'default'
2025-11-17T19:09:32.494+08:00  WARN 10205 --- [           main] JpaBaseConfiguration$JpaWebConfiguration : spring.jpa.open-in-view is enabled by default. Therefore, database queries may be performed during view rendering. Explicitly configure spring.jpa.open-in-view to disable this warning
2025-11-17T19:09:32.771+08:00  WARN 10205 --- [           main] .s.s.UserDetailsServiceAutoConfiguration : 

Using generated security password: 78451491-600d-4307-bf40-a34427604630

This generated password is for development use only. Your security configuration must be updated before running your application in production.

2025-11-17T19:09:32.857+08:00  INFO 10205 --- [           main] o.s.s.web.DefaultSecurityFilterChain     : Will secure any request with [org.springframework.security.web.session.DisableEncodeUrlFilter@3aa41da1, org.springframework.security.web.context.request.async.WebAsyncManagerIntegrationFilter@74fab04a, org.springframework.security.web.context.SecurityContextHolderFilter@3a66e67e, org.springframework.security.web.header.HeaderWriterFilter@4996c99, org.springframework.web.filter.CorsFilter@3c83468e, org.springframework.security.web.authentication.logout.LogoutFilter@68f0f72c, org.springframework.security.web.savedrequest.RequestCacheAwareFilter@4596f8f3, org.springframework.security.web.servletapi.SecurityContextHolderAwareRequestFilter@117d32e, org.springframework.security.web.authentication.AnonymousAuthenticationFilter@272ce069, org.springframework.security.web.access.ExceptionTranslationFilter@32130e61, org.springframework.security.web.access.intercept.AuthorizationFilter@6e041285]
2025-11-17T19:09:32.953+08:00  WARN 10205 --- [           main] ConfigServletWebServerApplicationContext : Exception encountered during context initialization - cancelling refresh attempt: org.springframework.context.ApplicationContextException: Failed to start bean 'webServerStartStop'
2025-11-17T19:09:32.954+08:00  INFO 10205 --- [           main] j.LocalContainerEntityManagerFactoryBean : Closing JPA EntityManagerFactory for persistence unit 'default'
2025-11-17T19:09:32.955+08:00  INFO 10205 --- [           main] com.zaxxer.hikari.HikariDataSource       : HikariPool-1 - Shutdown initiated...
2025-11-17T19:09:32.970+08:00  INFO 10205 --- [           main] com.zaxxer.hikari.HikariDataSource       : HikariPool-1 - Shutdown completed.
2025-11-17T19:09:32.972+08:00  INFO 10205 --- [           main] o.apache.catalina.core.StandardService   : Stopping service [Tomcat]
2025-11-17T19:09:32.980+08:00  INFO 10205 --- [           main] .s.b.a.l.ConditionEvaluationReportLogger : 

Error starting ApplicationContext. To display the condition evaluation report re-run your application with 'debug' enabled.
2025-11-17T19:09:32.987+08:00 ERROR 10205 --- [           main] o.s.b.d.LoggingFailureAnalysisReporter   : 

***************************
APPLICATION FAILED TO START
***************************

Description:

Web server failed to start. Port 8080 was already in use.

Action:

Identify and stop the process that's listening on port 8080 or configure this application to listen on another port.

